/bin/bash: /home/mts247/.conda/envs/rag/lib/libtinfo.so.6: no version information available (required by /bin/bash)
Performance of Matmul with K=512, N=512
GPU kernel launch overhead:  0.029802322387695312 ms
[0.05239534378051758, 6.556510925292969e-05, 3.7670135498046875e-05, 3.457069396972656e-05, 3.361701965332031e-05, 3.528594970703125e-05, 3.337860107421875e-05, 3.314018249511719e-05, 3.337860107421875e-05, 3.266334533691406e-05, 3.2901763916015625e-05, 3.361701965332031e-05, 3.314018249511719e-05, 3.266334533691406e-05, 3.314018249511719e-05, 3.218650817871094e-05, 3.266334533691406e-05, 3.647804260253906e-05, 2.956390380859375e-05, 2.9802322387695312e-05, 3.0279159545898438e-05, 2.9325485229492188e-05, 2.9802322387695312e-05, 3.0040740966796875e-05, 2.9802322387695312e-05, 2.9087066650390625e-05, 2.9802322387695312e-05, 2.9325485229492188e-05, 2.956390380859375e-05, 2.9802322387695312e-05, 2.86102294921875e-05, 2.9325485229492188e-05, 2.9325485229492188e-05, 2.9087066650390625e-05, 2.9087066650390625e-05, 2.956390380859375e-05, 2.9087066650390625e-05, 2.9325485229492188e-05, 2.9802322387695312e-05, 2.9087066650390625e-05, 2.8848648071289062e-05, 2.956390380859375e-05, 2.8848648071289062e-05, 2.86102294921875e-05, 2.9325485229492188e-05, 2.8848648071289062e-05, 2.9087066650390625e-05, 2.9802322387695312e-05, 2.8848648071289062e-05, 2.8848648071289062e-05]
512, 512, 512, 0.0222ms, 12.1065Tflops
Performance of Matmul with M=512, N=K
512, 512, 512, 0.0684ms, 3.9230Tflops
Performance of Matmul with K=512, N=512
GPU kernel launch overhead:  0.02288818359375 ms
[0.02078866958618164, 5.030632019042969e-05, 2.6226043701171875e-05, 2.4080276489257812e-05, 2.3365020751953125e-05, 2.384185791015625e-05, 2.3365020751953125e-05, 2.3126602172851562e-05, 2.3603439331054688e-05, 2.3126602172851562e-05, 2.288818359375e-05, 2.3603439331054688e-05, 2.3126602172851562e-05, 2.3603439331054688e-05, 2.4080276489257812e-05, 2.2649765014648438e-05, 2.288818359375e-05, 2.3365020751953125e-05, 2.2649765014648438e-05, 2.288818359375e-05, 2.3126602172851562e-05, 2.2411346435546875e-05, 2.288818359375e-05, 2.288818359375e-05, 2.2649765014648438e-05, 2.288818359375e-05, 2.3126602172851562e-05, 2.288818359375e-05, 2.288818359375e-05, 2.3126602172851562e-05, 2.288818359375e-05, 2.2411346435546875e-05, 2.3365020751953125e-05, 2.2411346435546875e-05, 2.2649765014648438e-05, 2.3126602172851562e-05, 2.2411346435546875e-05, 2.288818359375e-05, 2.288818359375e-05, 2.288818359375e-05, 2.4318695068359375e-05, 2.3365020751953125e-05, 2.2649765014648438e-05, 2.288818359375e-05, 2.3365020751953125e-05, 2.2649765014648438e-05, 2.2649765014648438e-05, 2.288818359375e-05, 2.2649765014648438e-05, 2.2411346435546875e-05]
512, 512, 512, 0.0226ms, 11.8516Tflops
Performance of Matmul with M=512, N=K
512, 512, 512, 0.0684ms, 3.9230Tflops
Performance of Matmul with K=512, N=512
GPU kernel launch overhead:  0.023126602172851562 ms
[0.021158933639526367, 5.030632019042969e-05, 2.6226043701171875e-05, 2.384185791015625e-05, 2.384185791015625e-05, 2.4080276489257812e-05, 2.3126602172851562e-05, 2.3126602172851562e-05, 2.384185791015625e-05, 2.3126602172851562e-05, 2.3603439331054688e-05, 2.3365020751953125e-05, 2.3365020751953125e-05, 2.3126602172851562e-05, 2.3603439331054688e-05, 2.288818359375e-05, 2.3126602172851562e-05, 2.3603439331054688e-05, 2.288818359375e-05, 2.4080276489257812e-05, 2.3365020751953125e-05, 2.2649765014648438e-05, 2.2649765014648438e-05, 2.3365020751953125e-05, 2.2649765014648438e-05, 2.2649765014648438e-05, 2.4557113647460938e-05, 2.288818359375e-05, 2.3365020751953125e-05, 2.3126602172851562e-05, 2.288818359375e-05, 2.2411346435546875e-05, 3.0517578125e-05, 2.3603439331054688e-05, 2.3365020751953125e-05, 2.3365020751953125e-05, 2.2649765014648438e-05, 2.288818359375e-05, 2.3365020751953125e-05, 2.288818359375e-05, 2.288818359375e-05, 2.3126602172851562e-05, 2.288818359375e-05, 2.288818359375e-05, 2.3126602172851562e-05, 2.2411346435546875e-05, 2.288818359375e-05, 2.3126602172851562e-05, 2.2649765014648438e-05, 2.2649765014648438e-05]
512, 512, 512, 0.0226ms, 11.8516Tflops
Performance of Matmul with M=512, N=K
512, 512, 512, 0.0709ms, 3.7845Tflops
Performance of Matmul with K=512, N=512
GPU kernel launch overhead:  0.023126602172851562 ms
[0.020839214324951172, 5.269050598144531e-05, 2.6702880859375e-05, 2.4318695068359375e-05, 2.384185791015625e-05, 2.4318695068359375e-05, 2.3126602172851562e-05, 2.384185791015625e-05, 2.3126602172851562e-05, 2.3365020751953125e-05, 2.288818359375e-05, 2.384185791015625e-05, 2.3365020751953125e-05, 2.3126602172851562e-05, 2.47955322265625e-05, 2.3365020751953125e-05, 2.3126602172851562e-05, 2.3603439331054688e-05, 2.2649765014648438e-05, 2.288818359375e-05, 2.3365020751953125e-05, 2.2649765014648438e-05, 2.288818359375e-05, 2.384185791015625e-05, 2.3126602172851562e-05, 2.2411346435546875e-05, 2.3603439331054688e-05, 2.288818359375e-05, 2.2649765014648438e-05, 2.3365020751953125e-05, 2.2411346435546875e-05, 2.3365020751953125e-05, 2.3365020751953125e-05, 2.2649765014648438e-05, 2.288818359375e-05, 2.3365020751953125e-05, 2.2411346435546875e-05, 2.288818359375e-05, 2.3126602172851562e-05, 2.2649765014648438e-05, 2.288818359375e-05, 2.3365020751953125e-05, 2.2649765014648438e-05, 2.2649765014648438e-05, 2.3126602172851562e-05, 2.2649765014648438e-05, 2.3126602172851562e-05, 2.3365020751953125e-05, 2.2649765014648438e-05, 2.288818359375e-05]
512, 512, 512, 0.0229ms, 11.7281Tflops
Performance of Matmul with M=512, N=K
512, 512, 512, 0.0699ms, 3.8427Tflops
Performance of Matmul with K=512, N=512
GPU kernel launch overhead:  0.023365020751953125 ms
[0.020684242248535156, 5.1021575927734375e-05, 2.6464462280273438e-05, 2.4080276489257812e-05, 2.384185791015625e-05, 2.4080276489257812e-05, 2.4080276489257812e-05, 2.3603439331054688e-05, 2.384185791015625e-05, 2.384185791015625e-05, 2.384185791015625e-05, 2.3365020751953125e-05, 2.3603439331054688e-05, 2.3126602172851562e-05, 2.3603439331054688e-05, 2.288818359375e-05, 2.3126602172851562e-05, 2.3603439331054688e-05, 2.3126602172851562e-05, 2.3365020751953125e-05, 2.3603439331054688e-05, 2.288818359375e-05, 2.3126602172851562e-05, 2.3365020751953125e-05, 2.288818359375e-05, 2.3126602172851562e-05, 2.3365020751953125e-05, 2.288818359375e-05, 2.288818359375e-05, 2.3126602172851562e-05, 2.288818359375e-05, 2.288818359375e-05, 2.3365020751953125e-05, 2.288818359375e-05, 2.3126602172851562e-05, 2.3365020751953125e-05, 2.3126602172851562e-05, 2.2411346435546875e-05, 2.3365020751953125e-05, 2.3126602172851562e-05, 2.3365020751953125e-05, 2.3365020751953125e-05, 2.2411346435546875e-05, 2.3126602172851562e-05, 2.3365020751953125e-05, 2.3126602172851562e-05, 2.288818359375e-05, 2.3603439331054688e-05, 2.2649765014648438e-05, 2.288818359375e-05]
512, 512, 512, 0.0224ms, 11.9777Tflops
Performance of Matmul with M=512, N=K
512, 512, 512, 0.0689ms, 3.8958Tflops
Performance of Matmul with K=512, N=512
GPU kernel launch overhead:  0.02288818359375 ms
[0.020934104919433594, 5.030632019042969e-05, 3.361701965332031e-05, 2.3603439331054688e-05, 2.3126602172851562e-05, 2.3365020751953125e-05, 2.288818359375e-05, 2.3126602172851562e-05, 2.3603439331054688e-05, 2.2649765014648438e-05, 2.3126602172851562e-05, 2.288818359375e-05, 2.3365020751953125e-05, 2.288818359375e-05, 2.3365020751953125e-05, 2.2411346435546875e-05, 2.2649765014648438e-05, 2.288818359375e-05, 2.2172927856445312e-05, 2.3126602172851562e-05, 2.288818359375e-05, 2.288818359375e-05, 2.2411346435546875e-05, 2.3126602172851562e-05, 2.2411346435546875e-05, 2.288818359375e-05, 2.3126602172851562e-05, 2.2411346435546875e-05, 2.3126602172851562e-05, 2.3126602172851562e-05, 2.2649765014648438e-05, 2.288818359375e-05, 2.288818359375e-05, 2.2411346435546875e-05, 2.288818359375e-05, 2.3126602172851562e-05, 2.288818359375e-05, 2.288818359375e-05, 2.288818359375e-05, 2.2649765014648438e-05, 2.2172927856445312e-05, 2.3126602172851562e-05, 2.2411346435546875e-05, 2.3126602172851562e-05, 2.3126602172851562e-05, 2.2649765014648438e-05, 2.288818359375e-05, 2.288818359375e-05, 2.288818359375e-05, 2.288818359375e-05]
512, 512, 512, 0.0224ms, 11.9777Tflops
Performance of Matmul with M=512, N=K
512, 512, 512, 0.0687ms, 3.9094Tflops
Performance of Matmul with K=512, N=512
GPU kernel launch overhead:  0.02288818359375 ms
[0.020605087280273438, 4.9114227294921875e-05, 2.6941299438476562e-05, 2.4318695068359375e-05, 2.384185791015625e-05, 2.384185791015625e-05, 2.3365020751953125e-05, 2.3126602172851562e-05, 2.3365020751953125e-05, 2.3365020751953125e-05, 2.3126602172851562e-05, 2.3603439331054688e-05, 2.3365020751953125e-05, 2.2411346435546875e-05, 2.3126602172851562e-05, 2.288818359375e-05, 2.288818359375e-05, 2.3126602172851562e-05, 2.2649765014648438e-05, 2.2411346435546875e-05, 2.288818359375e-05, 2.2649765014648438e-05, 2.2411346435546875e-05, 2.3365020751953125e-05, 2.2649765014648438e-05, 2.2649765014648438e-05, 2.3365020751953125e-05, 2.2411346435546875e-05, 2.288818359375e-05, 2.288818359375e-05, 2.2649765014648438e-05, 2.2411346435546875e-05, 2.3365020751953125e-05, 2.288818359375e-05, 2.2411346435546875e-05, 2.3126602172851562e-05, 2.2649765014648438e-05, 2.288818359375e-05, 2.288818359375e-05, 2.2649765014648438e-05, 2.2411346435546875e-05, 2.288818359375e-05, 2.2649765014648438e-05, 2.2649765014648438e-05, 2.3126602172851562e-05, 2.2411346435546875e-05, 2.2411346435546875e-05, 2.3126602172851562e-05, 2.2649765014648438e-05, 2.2411346435546875e-05]
512, 512, 512, 0.0226ms, 11.8516Tflops
Performance of Matmul with M=512, N=K
512, 512, 512, 0.0688ms, 3.9026Tflops
Performance of Matmul with K=512, N=512
GPU kernel launch overhead:  0.023245811462402344 ms
[0.020643234252929688, 5.125999450683594e-05, 2.6702880859375e-05, 2.4318695068359375e-05, 2.3603439331054688e-05, 2.384185791015625e-05, 2.3365020751953125e-05, 2.3365020751953125e-05, 2.3126602172851562e-05, 2.3365020751953125e-05, 2.288818359375e-05, 2.3603439331054688e-05, 2.3603439331054688e-05, 2.288818359375e-05, 2.384185791015625e-05, 2.3126602172851562e-05, 2.3126602172851562e-05, 2.3603439331054688e-05, 2.3365020751953125e-05, 2.288818359375e-05, 2.3365020751953125e-05, 2.2649765014648438e-05, 2.288818359375e-05, 2.384185791015625e-05, 2.288818359375e-05, 2.2649765014648438e-05, 2.3603439331054688e-05, 2.288818359375e-05, 2.3365020751953125e-05, 2.3126602172851562e-05, 2.3126602172851562e-05, 2.3126602172851562e-05, 2.3365020751953125e-05, 2.2649765014648438e-05, 2.3126602172851562e-05, 2.3365020751953125e-05, 2.288818359375e-05, 2.2649765014648438e-05, 2.3603439331054688e-05, 2.3126602172851562e-05, 2.3365020751953125e-05, 2.3603439331054688e-05, 2.288818359375e-05, 2.3126602172851562e-05, 2.3365020751953125e-05, 2.3126602172851562e-05, 2.3126602172851562e-05, 2.3603439331054688e-05, 2.288818359375e-05, 2.3126602172851562e-05]
512, 512, 512, 0.0226ms, 11.8516Tflops
Performance of Matmul with M=512, N=K
512, 512, 512, 0.0689ms, 3.8958Tflops
Performance of Matmul with K=512, N=512
GPU kernel launch overhead:  0.023126602172851562 ms
[0.021001815795898438, 4.8160552978515625e-05, 2.6226043701171875e-05, 2.4080276489257812e-05, 2.3365020751953125e-05, 2.4080276489257812e-05, 2.3126602172851562e-05, 2.3126602172851562e-05, 2.384185791015625e-05, 2.3365020751953125e-05, 2.3365020751953125e-05, 2.3365020751953125e-05, 2.3126602172851562e-05, 2.3126602172851562e-05, 2.3603439331054688e-05, 2.3126602172851562e-05, 2.3126602172851562e-05, 2.3365020751953125e-05, 2.3126602172851562e-05, 2.3126602172851562e-05, 2.3603439331054688e-05, 2.288818359375e-05, 2.2649765014648438e-05, 2.3603439331054688e-05, 2.3126602172851562e-05, 2.2649765014648438e-05, 2.3365020751953125e-05, 2.288818359375e-05, 2.288818359375e-05, 2.3365020751953125e-05, 2.2649765014648438e-05, 2.288818359375e-05, 2.3365020751953125e-05, 2.384185791015625e-05, 2.2649765014648438e-05, 2.288818359375e-05, 2.288818359375e-05, 2.2649765014648438e-05, 2.3126602172851562e-05, 2.288818359375e-05, 2.2649765014648438e-05, 2.3126602172851562e-05, 2.2411346435546875e-05, 2.288818359375e-05, 2.288818359375e-05, 2.2649765014648438e-05, 2.2411346435546875e-05, 2.288818359375e-05, 2.2172927856445312e-05, 2.2649765014648438e-05]
512, 512, 512, 0.0225ms, 11.9143Tflops
Performance of Matmul with M=512, N=K
512, 512, 512, 0.0708ms, 3.7909Tflops
Performance of Matmul with K=512, N=512
GPU kernel launch overhead:  0.02276897430419922 ms
[0.020859956741333008, 4.982948303222656e-05, 2.6226043701171875e-05, 2.47955322265625e-05, 2.384185791015625e-05, 2.4080276489257812e-05, 2.3365020751953125e-05, 2.3126602172851562e-05, 2.384185791015625e-05, 2.288818359375e-05, 2.288818359375e-05, 2.384185791015625e-05, 2.288818359375e-05, 2.288818359375e-05, 2.3603439331054688e-05, 2.2649765014648438e-05, 2.2649765014648438e-05, 2.3365020751953125e-05, 2.2411346435546875e-05, 2.2649765014648438e-05, 2.3126602172851562e-05, 2.193450927734375e-05, 2.2411346435546875e-05, 2.3126602172851562e-05, 2.2411346435546875e-05, 2.2411346435546875e-05, 2.3126602172851562e-05, 2.2649765014648438e-05, 2.2649765014648438e-05, 2.2649765014648438e-05, 2.2172927856445312e-05, 2.2411346435546875e-05, 2.3126602172851562e-05, 2.2172927856445312e-05, 2.2411346435546875e-05, 2.3126602172851562e-05, 2.288818359375e-05, 2.2172927856445312e-05, 2.288818359375e-05, 2.2411346435546875e-05, 2.2411346435546875e-05, 2.288818359375e-05, 2.2172927856445312e-05, 2.2411346435546875e-05, 2.288818359375e-05, 2.2172927856445312e-05, 2.2411346435546875e-05, 2.2649765014648438e-05, 2.2172927856445312e-05, 2.2411346435546875e-05]
512, 512, 512, 0.0226ms, 11.8516Tflops
Performance of Matmul with M=512, N=K
512, 512, 512, 0.0701ms, 3.8296Tflops
Performance of Matmul with K=512, N=512
GPU kernel launch overhead:  0.022649765014648438 ms
[0.02138972282409668, 5.054473876953125e-05, 2.6464462280273438e-05, 2.384185791015625e-05, 2.3603439331054688e-05, 2.3365020751953125e-05, 2.2649765014648438e-05, 2.3365020751953125e-05, 2.3365020751953125e-05, 2.288818359375e-05, 2.2411346435546875e-05, 2.3126602172851562e-05, 2.2411346435546875e-05, 2.288818359375e-05, 2.3365020751953125e-05, 2.2411346435546875e-05, 2.288818359375e-05, 2.2649765014648438e-05, 2.288818359375e-05, 2.2649765014648438e-05, 2.3126602172851562e-05, 2.2411346435546875e-05, 2.2411346435546875e-05, 2.3365020751953125e-05, 2.288818359375e-05, 2.2649765014648438e-05, 2.3126602172851562e-05, 2.2411346435546875e-05, 2.2649765014648438e-05, 2.3126602172851562e-05, 2.2172927856445312e-05, 2.2649765014648438e-05, 2.3126602172851562e-05, 2.2411346435546875e-05, 2.2649765014648438e-05, 2.288818359375e-05, 2.2649765014648438e-05, 2.2649765014648438e-05, 2.2649765014648438e-05, 2.2411346435546875e-05, 2.288818359375e-05, 2.2649765014648438e-05, 2.2411346435546875e-05, 2.2649765014648438e-05, 2.3126602172851562e-05, 2.2411346435546875e-05, 2.2649765014648438e-05, 2.2649765014648438e-05, 2.2411346435546875e-05, 2.2649765014648438e-05]
512, 512, 512, 0.0222ms, 12.1065Tflops
Performance of Matmul with M=512, N=K
512, 512, 512, 0.0687ms, 3.9094Tflops
Performance of Matmul with K=512, N=512
GPU kernel launch overhead:  0.023365020751953125 ms
[0.021283388137817383, 4.887580871582031e-05, 2.6941299438476562e-05, 2.4557113647460938e-05, 2.384185791015625e-05, 2.4318695068359375e-05, 2.3603439331054688e-05, 2.3603439331054688e-05, 2.384185791015625e-05, 2.3126602172851562e-05, 2.3603439331054688e-05, 2.4080276489257812e-05, 2.3126602172851562e-05, 2.3126602172851562e-05, 2.4080276489257812e-05, 2.3365020751953125e-05, 2.3365020751953125e-05, 2.384185791015625e-05, 2.3365020751953125e-05, 2.3365020751953125e-05, 2.3126602172851562e-05, 2.3126602172851562e-05, 2.3126602172851562e-05, 2.384185791015625e-05, 2.3126602172851562e-05, 2.3126602172851562e-05, 2.3365020751953125e-05, 2.3126602172851562e-05, 2.2649765014648438e-05, 2.3603439331054688e-05, 2.288818359375e-05, 2.288818359375e-05, 2.3365020751953125e-05, 2.3365020751953125e-05, 2.384185791015625e-05, 2.3603439331054688e-05, 2.3126602172851562e-05, 2.3126602172851562e-05, 2.3365020751953125e-05, 2.3365020751953125e-05, 2.3126602172851562e-05, 2.384185791015625e-05, 2.3126602172851562e-05, 2.3126602172851562e-05, 2.3603439331054688e-05, 2.3365020751953125e-05, 2.3126602172851562e-05, 2.384185791015625e-05, 2.3126602172851562e-05, 2.3126602172851562e-05]
512, 512, 512, 0.0224ms, 11.9777Tflops
Performance of Matmul with M=512, N=K
512, 512, 512, 0.0684ms, 3.9230Tflops
Performance of Matmul with K=512, N=512
GPU kernel launch overhead:  0.023126602172851562 ms
[0.02123737335205078, 4.935264587402344e-05, 2.6464462280273438e-05, 2.4080276489257812e-05, 2.3603439331054688e-05, 2.4080276489257812e-05, 2.3126602172851562e-05, 2.3126602172851562e-05, 2.3603439331054688e-05, 2.3126602172851562e-05, 2.3126602172851562e-05, 2.3126602172851562e-05, 2.3126602172851562e-05, 2.288818359375e-05, 2.288818359375e-05, 2.2649765014648438e-05, 2.288818359375e-05, 2.3603439331054688e-05, 2.2649765014648438e-05, 2.288818359375e-05, 2.3126602172851562e-05, 2.288818359375e-05, 2.2649765014648438e-05, 2.3365020751953125e-05, 3.6716461181640625e-05, 2.5033950805664062e-05, 2.384185791015625e-05, 2.2649765014648438e-05, 2.3365020751953125e-05, 2.3365020751953125e-05, 2.2649765014648438e-05, 2.288818359375e-05, 2.3365020751953125e-05, 2.2649765014648438e-05, 2.288818359375e-05, 2.384185791015625e-05, 2.288818359375e-05, 2.288818359375e-05, 2.288818359375e-05, 2.288818359375e-05, 2.2649765014648438e-05, 2.3126602172851562e-05, 2.2411346435546875e-05, 2.288818359375e-05, 2.3126602172851562e-05, 2.288818359375e-05, 2.2411346435546875e-05, 2.3126602172851562e-05, 2.2411346435546875e-05, 2.2649765014648438e-05]
512, 512, 512, 0.0229ms, 11.7281Tflops
Performance of Matmul with M=512, N=K
512, 512, 512, 0.0715ms, 3.7530Tflops
Performance of Matmul with K=512, N=512
GPU kernel launch overhead:  0.022649765014648438 ms
[0.021283626556396484, 4.9591064453125e-05, 2.6226043701171875e-05, 2.4080276489257812e-05, 2.288818359375e-05, 2.3365020751953125e-05, 2.3365020751953125e-05, 2.3603439331054688e-05, 2.3603439331054688e-05, 2.2649765014648438e-05, 2.288818359375e-05, 2.288818359375e-05, 2.2411346435546875e-05, 2.2649765014648438e-05, 2.2649765014648438e-05, 2.2411346435546875e-05, 2.2649765014648438e-05, 2.288818359375e-05, 2.2411346435546875e-05, 2.2172927856445312e-05, 2.288818359375e-05, 2.1696090698242188e-05, 2.2411346435546875e-05, 2.3126602172851562e-05, 2.2411346435546875e-05, 2.2172927856445312e-05, 2.288818359375e-05, 2.2649765014648438e-05, 2.2411346435546875e-05, 2.2649765014648438e-05, 2.2411346435546875e-05, 2.2649765014648438e-05, 2.2649765014648438e-05, 2.288818359375e-05, 2.2172927856445312e-05, 2.288818359375e-05, 2.2411346435546875e-05, 2.2172927856445312e-05, 2.2649765014648438e-05, 2.193450927734375e-05, 2.2649765014648438e-05, 2.2649765014648438e-05, 2.2411346435546875e-05, 2.2411346435546875e-05, 2.288818359375e-05, 2.2411346435546875e-05, 2.2649765014648438e-05, 2.2649765014648438e-05, 2.2411346435546875e-05, 2.2649765014648438e-05]
512, 512, 512, 0.0226ms, 11.8516Tflops
Performance of Matmul with M=512, N=K
512, 512, 512, 0.0678ms, 3.9575Tflops
Performance of Matmul with K=512, N=512
GPU kernel launch overhead:  0.022649765014648438 ms
[0.021301746368408203, 4.9591064453125e-05, 2.574920654296875e-05, 2.4080276489257812e-05, 2.3365020751953125e-05, 2.3365020751953125e-05, 2.3126602172851562e-05, 2.2649765014648438e-05, 2.3126602172851562e-05, 2.2649765014648438e-05, 2.288818359375e-05, 2.288818359375e-05, 2.288818359375e-05, 2.2649765014648438e-05, 2.288818359375e-05, 2.288818359375e-05, 2.2411346435546875e-05, 2.288818359375e-05, 2.288818359375e-05, 2.2411346435546875e-05, 2.2649765014648438e-05, 2.2172927856445312e-05, 2.2649765014648438e-05, 2.3365020751953125e-05, 2.2172927856445312e-05, 2.2172927856445312e-05, 2.288818359375e-05, 2.2411346435546875e-05, 2.2411346435546875e-05, 2.288818359375e-05, 2.2411346435546875e-05, 2.2172927856445312e-05, 2.2411346435546875e-05, 2.2411346435546875e-05, 2.193450927734375e-05, 2.3126602172851562e-05, 2.2411346435546875e-05, 2.2411346435546875e-05, 2.288818359375e-05, 2.2172927856445312e-05, 2.2411346435546875e-05, 2.288818359375e-05, 2.2411346435546875e-05, 2.2411346435546875e-05, 2.288818359375e-05, 2.2172927856445312e-05, 2.2172927856445312e-05, 2.3603439331054688e-05, 2.2411346435546875e-05, 2.2172927856445312e-05]
512, 512, 512, 0.0219ms, 12.2380Tflops
Performance of Matmul with M=512, N=K
512, 512, 512, 0.0677ms, 3.9644Tflops
Performance of Matmul with K=512, N=512
GPU kernel launch overhead:  0.023126602172851562 ms
[0.021188974380493164, 4.8160552978515625e-05, 2.5987625122070312e-05, 2.384185791015625e-05, 2.3603439331054688e-05, 2.384185791015625e-05, 2.3603439331054688e-05, 2.3603439331054688e-05, 2.4318695068359375e-05, 2.3365020751953125e-05, 2.2649765014648438e-05, 2.3365020751953125e-05, 2.3126602172851562e-05, 2.2649765014648438e-05, 2.3603439331054688e-05, 2.2649765014648438e-05, 2.288818359375e-05, 2.3365020751953125e-05, 2.288818359375e-05, 2.3126602172851562e-05, 2.3126602172851562e-05, 2.288818359375e-05, 2.288818359375e-05, 2.3126602172851562e-05, 2.3126602172851562e-05, 2.2649765014648438e-05, 2.3603439331054688e-05, 2.3126602172851562e-05, 2.288818359375e-05, 2.3126602172851562e-05, 2.288818359375e-05, 2.2411346435546875e-05, 2.3126602172851562e-05, 2.3126602172851562e-05, 2.2649765014648438e-05, 2.288818359375e-05, 2.3126602172851562e-05, 2.288818359375e-05, 2.956390380859375e-05, 2.4080276489257812e-05, 2.288818359375e-05, 2.288818359375e-05, 2.2649765014648438e-05, 2.2172927856445312e-05, 2.288818359375e-05, 2.2649765014648438e-05, 2.2411346435546875e-05, 2.3126602172851562e-05, 2.288818359375e-05, 2.2649765014648438e-05]
512, 512, 512, 0.0226ms, 11.8516Tflops
Performance of Matmul with M=512, N=K
512, 512, 512, 0.0689ms, 3.8958Tflops
Performance of Matmul with K=512, N=512
GPU kernel launch overhead:  0.02288818359375 ms
[0.021342754364013672, 4.8160552978515625e-05, 2.5510787963867188e-05, 2.4080276489257812e-05, 2.3365020751953125e-05, 2.3365020751953125e-05, 2.3126602172851562e-05, 2.3126602172851562e-05, 2.3365020751953125e-05, 2.2649765014648438e-05, 2.288818359375e-05, 2.3603439331054688e-05, 2.288818359375e-05, 2.288818359375e-05, 2.3603439331054688e-05, 2.2411346435546875e-05, 2.3126602172851562e-05, 2.288818359375e-05, 2.2649765014648438e-05, 2.2649765014648438e-05, 2.3365020751953125e-05, 2.2411346435546875e-05, 2.2649765014648438e-05, 2.3126602172851562e-05, 2.3126602172851562e-05, 2.2649765014648438e-05, 2.3603439331054688e-05, 2.2649765014648438e-05, 2.2649765014648438e-05, 2.2649765014648438e-05, 2.288818359375e-05, 2.2649765014648438e-05, 2.3126602172851562e-05, 2.2411346435546875e-05, 2.288818359375e-05, 2.3365020751953125e-05, 2.288818359375e-05, 2.2411346435546875e-05, 2.4080276489257812e-05, 2.288818359375e-05, 2.2411346435546875e-05, 2.288818359375e-05, 2.288818359375e-05, 2.2411346435546875e-05, 2.3126602172851562e-05, 2.2411346435546875e-05, 2.288818359375e-05, 2.288818359375e-05, 2.2411346435546875e-05, 2.2172927856445312e-05]
512, 512, 512, 0.0222ms, 12.1065Tflops
Performance of Matmul with M=512, N=K
512, 512, 512, 0.0684ms, 3.9230Tflops
Performance of Matmul with K=512, N=512
GPU kernel launch overhead:  0.023126602172851562 ms
[0.021503925323486328, 4.9591064453125e-05, 2.6464462280273438e-05, 2.4318695068359375e-05, 2.384185791015625e-05, 2.4557113647460938e-05, 2.3365020751953125e-05, 2.3603439331054688e-05, 2.3365020751953125e-05, 2.384185791015625e-05, 2.3365020751953125e-05, 2.3603439331054688e-05, 2.3126602172851562e-05, 2.288818359375e-05, 2.384185791015625e-05, 2.2649765014648438e-05, 2.3126602172851562e-05, 2.3126602172851562e-05, 2.3126602172851562e-05, 2.3126602172851562e-05, 2.3126602172851562e-05, 2.2172927856445312e-05, 2.2649765014648438e-05, 2.288818359375e-05, 2.2411346435546875e-05, 2.2411346435546875e-05, 2.3365020751953125e-05, 2.2649765014648438e-05, 2.288818359375e-05, 2.3126602172851562e-05, 2.2649765014648438e-05, 2.3126602172851562e-05, 2.3126602172851562e-05, 2.2411346435546875e-05, 2.3126602172851562e-05, 2.2649765014648438e-05, 2.2649765014648438e-05, 2.2649765014648438e-05, 2.3126602172851562e-05, 2.86102294921875e-05, 2.3365020751953125e-05, 2.3365020751953125e-05, 2.2649765014648438e-05, 2.288818359375e-05, 2.3126602172851562e-05, 2.288818359375e-05, 2.3126602172851562e-05, 2.3126602172851562e-05, 2.288818359375e-05, 2.3126602172851562e-05]
512, 512, 512, 0.0224ms, 11.9777Tflops
Performance of Matmul with M=512, N=K
512, 512, 512, 0.0687ms, 3.9094Tflops
Performance of Matmul with K=512, N=512
GPU kernel launch overhead:  0.023126602172851562 ms
[0.021395444869995117, 5.173683166503906e-05, 2.6702880859375e-05, 2.4318695068359375e-05, 2.3603439331054688e-05, 2.4080276489257812e-05, 2.3365020751953125e-05, 2.3365020751953125e-05, 2.3603439331054688e-05, 2.3126602172851562e-05, 2.288818359375e-05, 2.3603439331054688e-05, 2.3126602172851562e-05, 2.288818359375e-05, 2.3365020751953125e-05, 2.2649765014648438e-05, 2.2649765014648438e-05, 2.3126602172851562e-05, 2.288818359375e-05, 2.288818359375e-05, 2.3603439331054688e-05, 2.2411346435546875e-05, 2.3126602172851562e-05, 2.3603439331054688e-05, 2.288818359375e-05, 2.2649765014648438e-05, 2.3603439331054688e-05, 2.2649765014648438e-05, 2.2649765014648438e-05, 2.3126602172851562e-05, 2.574920654296875e-05, 2.3603439331054688e-05, 2.384185791015625e-05, 2.3126602172851562e-05, 2.288818359375e-05, 2.3365020751953125e-05, 2.288818359375e-05, 2.3126602172851562e-05, 2.3603439331054688e-05, 2.288818359375e-05, 2.3126602172851562e-05, 2.3126602172851562e-05, 2.288818359375e-05, 2.2649765014648438e-05, 2.3126602172851562e-05, 2.3126602172851562e-05, 2.288818359375e-05, 2.3126602172851562e-05, 2.288818359375e-05, 2.2411346435546875e-05]
512, 512, 512, 0.0222ms, 12.1065Tflops
Performance of Matmul with M=512, N=K
512, 512, 512, 0.0682ms, 3.9367Tflops
Performance of Matmul with K=512, N=512
GPU kernel launch overhead:  0.02384185791015625 ms
[0.02126479148864746, 4.76837158203125e-05, 2.6702880859375e-05, 2.4557113647460938e-05, 2.4080276489257812e-05, 2.4557113647460938e-05, 2.4080276489257812e-05, 2.4080276489257812e-05, 2.4318695068359375e-05, 2.384185791015625e-05, 2.384185791015625e-05, 2.4318695068359375e-05, 2.384185791015625e-05, 2.3603439331054688e-05, 2.4318695068359375e-05, 2.384185791015625e-05, 2.3126602172851562e-05, 2.384185791015625e-05, 2.3603439331054688e-05, 2.3603439331054688e-05, 2.384185791015625e-05, 2.3365020751953125e-05, 2.3365020751953125e-05, 2.384185791015625e-05, 2.3126602172851562e-05, 2.3126602172851562e-05, 2.384185791015625e-05, 2.3365020751953125e-05, 2.3365020751953125e-05, 2.384185791015625e-05, 2.3365020751953125e-05, 2.3365020751953125e-05, 2.384185791015625e-05, 2.3365020751953125e-05, 2.3365020751953125e-05, 2.384185791015625e-05, 2.3603439331054688e-05, 2.3365020751953125e-05, 2.4080276489257812e-05, 2.3126602172851562e-05, 2.3126602172851562e-05, 2.384185791015625e-05, 2.3603439331054688e-05, 2.3603439331054688e-05, 2.384185791015625e-05, 2.3126602172851562e-05, 2.3126602172851562e-05, 2.384185791015625e-05, 2.3365020751953125e-05, 2.3365020751953125e-05]
512, 512, 512, 0.0226ms, 11.8516Tflops
Performance of Matmul with M=512, N=K
512, 512, 512, 0.0706ms, 3.8037Tflops
Performance of Matmul with K=512, N=512
GPU kernel launch overhead:  0.023245811462402344 ms
[0.021229267120361328, 5.030632019042969e-05, 2.6464462280273438e-05, 2.4318695068359375e-05, 2.4080276489257812e-05, 2.384185791015625e-05, 2.3365020751953125e-05, 2.3603439331054688e-05, 2.384185791015625e-05, 2.2649765014648438e-05, 2.3126602172851562e-05, 2.3365020751953125e-05, 2.3603439331054688e-05, 2.288818359375e-05, 2.3603439331054688e-05, 2.3365020751953125e-05, 2.288818359375e-05, 2.3603439331054688e-05, 2.288818359375e-05, 2.2649765014648438e-05, 2.3603439331054688e-05, 2.2649765014648438e-05, 2.288818359375e-05, 2.3603439331054688e-05, 2.3126602172851562e-05, 2.3126602172851562e-05, 2.3126602172851562e-05, 2.3126602172851562e-05, 2.3126602172851562e-05, 2.3365020751953125e-05, 2.288818359375e-05, 2.3126602172851562e-05, 2.3365020751953125e-05, 2.288818359375e-05, 2.288818359375e-05, 2.3603439331054688e-05, 2.288818359375e-05, 2.288818359375e-05, 2.3365020751953125e-05, 2.3126602172851562e-05, 2.3365020751953125e-05, 2.3603439331054688e-05, 2.3126602172851562e-05, 2.3126602172851562e-05, 2.384185791015625e-05, 2.2649765014648438e-05, 2.288818359375e-05, 2.3365020751953125e-05, 2.3365020751953125e-05, 2.3126602172851562e-05]
512, 512, 512, 0.0224ms, 11.9777Tflops
Performance of Matmul with M=512, N=K
512, 512, 512, 0.0688ms, 3.9026Tflops
Performance of Matmul with K=512, N=512
GPU kernel launch overhead:  0.023126602172851562 ms
[0.021175622940063477, 4.935264587402344e-05, 2.6464462280273438e-05, 2.4318695068359375e-05, 2.384185791015625e-05, 2.384185791015625e-05, 2.3365020751953125e-05, 2.3126602172851562e-05, 2.3365020751953125e-05, 2.288818359375e-05, 2.288818359375e-05, 2.3603439331054688e-05, 2.3126602172851562e-05, 2.2649765014648438e-05, 2.3365020751953125e-05, 2.288818359375e-05, 2.3126602172851562e-05, 2.288818359375e-05, 2.3365020751953125e-05, 2.2649765014648438e-05, 2.3365020751953125e-05, 2.288818359375e-05, 2.3126602172851562e-05, 2.3603439331054688e-05, 2.2411346435546875e-05, 2.288818359375e-05, 2.3365020751953125e-05, 2.288818359375e-05, 2.2649765014648438e-05, 2.3365020751953125e-05, 2.2649765014648438e-05, 2.3126602172851562e-05, 2.2649765014648438e-05, 2.2649765014648438e-05, 2.2649765014648438e-05, 2.3126602172851562e-05, 2.2649765014648438e-05, 2.2411346435546875e-05, 2.3365020751953125e-05, 2.2411346435546875e-05, 2.288818359375e-05, 2.288818359375e-05, 2.3126602172851562e-05, 2.288818359375e-05, 2.3365020751953125e-05, 2.2411346435546875e-05, 2.288818359375e-05, 2.3126602172851562e-05, 2.2649765014648438e-05, 2.9325485229492188e-05]
512, 512, 512, 0.0224ms, 11.9777Tflops
Performance of Matmul with M=512, N=K
512, 512, 512, 0.0684ms, 3.9230Tflops
Performance of Matmul with K=512, N=512
GPU kernel launch overhead:  0.023126602172851562 ms
[0.02129817008972168, 4.982948303222656e-05, 2.6464462280273438e-05, 2.4557113647460938e-05, 2.4318695068359375e-05, 2.4557113647460938e-05, 2.4080276489257812e-05, 2.3603439331054688e-05, 2.3365020751953125e-05, 2.3126602172851562e-05, 2.3126602172851562e-05, 2.3603439331054688e-05, 2.3365020751953125e-05, 2.288818359375e-05, 2.3126602172851562e-05, 2.3126602172851562e-05, 2.288818359375e-05, 2.3365020751953125e-05, 2.3126602172851562e-05, 2.384185791015625e-05, 2.3603439331054688e-05, 2.288818359375e-05, 2.2649765014648438e-05, 2.3603439331054688e-05, 2.288818359375e-05, 2.2411346435546875e-05, 2.3365020751953125e-05, 2.288818359375e-05, 2.2649765014648438e-05, 2.3126602172851562e-05, 2.2649765014648438e-05, 2.288818359375e-05, 2.288818359375e-05, 2.2411346435546875e-05, 2.2649765014648438e-05, 2.3365020751953125e-05, 2.288818359375e-05, 2.2649765014648438e-05, 2.3126602172851562e-05, 2.2649765014648438e-05, 2.2411346435546875e-05, 2.3126602172851562e-05, 2.2411346435546875e-05, 2.2649765014648438e-05, 2.3126602172851562e-05, 2.288818359375e-05, 2.2411346435546875e-05, 2.288818359375e-05, 2.288818359375e-05, 2.2649765014648438e-05]
512, 512, 512, 0.0231ms, 11.6072Tflops
Performance of Matmul with M=512, N=K
512, 512, 512, 0.0689ms, 3.8958Tflops
Performance of Matmul with K=512, N=512
GPU kernel launch overhead:  0.02300739288330078 ms
[0.02129364013671875, 5.14984130859375e-05, 2.5987625122070312e-05, 2.384185791015625e-05, 2.3365020751953125e-05, 2.3365020751953125e-05, 2.3126602172851562e-05, 2.3365020751953125e-05, 2.3365020751953125e-05, 2.3126602172851562e-05, 2.2649765014648438e-05, 2.3126602172851562e-05, 2.2649765014648438e-05, 2.2649765014648438e-05, 2.3365020751953125e-05, 2.288818359375e-05, 2.2411346435546875e-05, 2.3126602172851562e-05, 2.2649765014648438e-05, 2.288818359375e-05, 2.5987625122070312e-05, 2.2411346435546875e-05, 2.3126602172851562e-05, 2.3603439331054688e-05, 2.2649765014648438e-05, 2.2649765014648438e-05, 2.5272369384765625e-05, 2.3126602172851562e-05, 2.2649765014648438e-05, 2.3365020751953125e-05, 2.2649765014648438e-05, 2.3126602172851562e-05, 2.3126602172851562e-05, 2.2411346435546875e-05, 2.288818359375e-05, 2.3365020751953125e-05, 2.2649765014648438e-05, 2.2411346435546875e-05, 2.288818359375e-05, 2.3126602172851562e-05, 2.2649765014648438e-05, 2.3365020751953125e-05, 2.2649765014648438e-05, 2.2649765014648438e-05, 2.3126602172851562e-05, 2.2411346435546875e-05, 2.288818359375e-05, 2.288818359375e-05, 2.2411346435546875e-05, 2.2649765014648438e-05]
512, 512, 512, 0.0222ms, 12.1065Tflops
Performance of Matmul with M=512, N=K
512, 512, 512, 0.0682ms, 3.9367Tflops
Performance of Matmul with K=512, N=512
GPU kernel launch overhead:  0.02288818359375 ms
[0.02121901512145996, 4.863739013671875e-05, 4.076957702636719e-05, 2.5272369384765625e-05, 2.3365020751953125e-05, 2.384185791015625e-05, 2.3365020751953125e-05, 2.3603439331054688e-05, 2.3365020751953125e-05, 2.288818359375e-05, 2.3126602172851562e-05, 2.3603439331054688e-05, 2.288818359375e-05, 2.288818359375e-05, 2.3365020751953125e-05, 2.3365020751953125e-05, 2.288818359375e-05, 2.3365020751953125e-05, 2.288818359375e-05, 2.2411346435546875e-05, 2.3365020751953125e-05, 2.2411346435546875e-05, 2.288818359375e-05, 2.3603439331054688e-05, 2.3126602172851562e-05, 2.2411346435546875e-05, 2.3603439331054688e-05, 2.288818359375e-05, 2.2649765014648438e-05, 2.288818359375e-05, 2.2649765014648438e-05, 2.288818359375e-05, 2.3126602172851562e-05, 2.288818359375e-05, 2.2411346435546875e-05, 2.3603439331054688e-05, 2.288818359375e-05, 2.2411346435546875e-05, 2.3126602172851562e-05, 2.2411346435546875e-05, 2.288818359375e-05, 2.288818359375e-05, 2.2172927856445312e-05, 2.2649765014648438e-05, 2.288818359375e-05, 2.2649765014648438e-05, 2.2649765014648438e-05, 2.3126602172851562e-05, 2.2411346435546875e-05, 2.2411346435546875e-05]
512, 512, 512, 0.0222ms, 12.1065Tflops
Performance of Matmul with M=512, N=K
512, 512, 512, 0.0679ms, 3.9505Tflops
Performance of Matmul with K=512, N=512
GPU kernel launch overhead:  0.02288818359375 ms
[0.0213165283203125, 5.078315734863281e-05, 2.6226043701171875e-05, 2.4080276489257812e-05, 2.384185791015625e-05, 2.3603439331054688e-05, 2.288818359375e-05, 2.288818359375e-05, 2.3365020751953125e-05, 2.3126602172851562e-05, 2.2411346435546875e-05, 2.3126602172851562e-05, 2.288818359375e-05, 2.2411346435546875e-05, 2.3365020751953125e-05, 2.288818359375e-05, 2.2649765014648438e-05, 2.2649765014648438e-05, 2.2649765014648438e-05, 2.2411346435546875e-05, 2.288818359375e-05, 2.2649765014648438e-05, 2.2411346435546875e-05, 2.3126602172851562e-05, 2.9802322387695312e-05, 2.3126602172851562e-05, 2.3126602172851562e-05, 2.2172927856445312e-05, 2.2649765014648438e-05, 2.288818359375e-05, 2.2649765014648438e-05, 2.2411346435546875e-05, 2.288818359375e-05, 2.2172927856445312e-05, 2.288818359375e-05, 2.3126602172851562e-05, 2.2649765014648438e-05, 2.2172927856445312e-05, 2.3126602172851562e-05, 2.2649765014648438e-05, 2.2649765014648438e-05, 2.2649765014648438e-05, 2.2411346435546875e-05, 2.288818359375e-05, 2.288818359375e-05, 2.2411346435546875e-05, 2.2172927856445312e-05, 2.3126602172851562e-05, 2.2172927856445312e-05, 2.2649765014648438e-05]
512, 512, 512, 0.0219ms, 12.2380Tflops
Performance of Matmul with M=512, N=K
512, 512, 512, 0.0670ms, 4.0068Tflops
Performance of Matmul with K=512, N=512
GPU kernel launch overhead:  0.023603439331054688 ms
[0.02129077911376953, 5.125999450683594e-05, 2.6702880859375e-05, 2.4318695068359375e-05, 2.4318695068359375e-05, 2.4557113647460938e-05, 2.5033950805664062e-05, 2.4080276489257812e-05, 2.384185791015625e-05, 2.384185791015625e-05, 2.384185791015625e-05, 2.384185791015625e-05, 2.3126602172851562e-05, 2.3365020751953125e-05, 2.384185791015625e-05, 2.3126602172851562e-05, 2.3365020751953125e-05, 2.384185791015625e-05, 2.3126602172851562e-05, 2.3365020751953125e-05, 2.384185791015625e-05, 2.288818359375e-05, 2.3603439331054688e-05, 2.4080276489257812e-05, 2.3603439331054688e-05, 2.3365020751953125e-05, 2.384185791015625e-05, 2.3126602172851562e-05, 2.3603439331054688e-05, 2.3603439331054688e-05, 2.288818359375e-05, 2.3126602172851562e-05, 2.3603439331054688e-05, 2.288818359375e-05, 2.3126602172851562e-05, 2.384185791015625e-05, 2.3365020751953125e-05, 2.288818359375e-05, 2.3603439331054688e-05, 2.3365020751953125e-05, 2.288818359375e-05, 2.3365020751953125e-05, 2.3365020751953125e-05, 2.384185791015625e-05, 2.3126602172851562e-05, 2.288818359375e-05, 2.3126602172851562e-05, 2.4080276489257812e-05, 2.2649765014648438e-05, 2.3126602172851562e-05]
512, 512, 512, 0.0224ms, 11.9777Tflops
Performance of Matmul with M=512, N=K
512, 512, 512, 0.0687ms, 3.9094Tflops
Performance of Matmul with K=512, N=512
GPU kernel launch overhead:  0.023126602172851562 ms
[0.021283626556396484, 5.054473876953125e-05, 2.6226043701171875e-05, 2.4080276489257812e-05, 2.3126602172851562e-05, 2.3365020751953125e-05, 2.3365020751953125e-05, 2.288818359375e-05, 2.3365020751953125e-05, 2.288818359375e-05, 2.2649765014648438e-05, 2.3365020751953125e-05, 2.288818359375e-05, 2.2649765014648438e-05, 2.3365020751953125e-05, 2.3126602172851562e-05, 2.288818359375e-05, 2.3365020751953125e-05, 2.2649765014648438e-05, 2.3365020751953125e-05, 2.3365020751953125e-05, 2.2411346435546875e-05, 2.3126602172851562e-05, 2.384185791015625e-05, 2.3126602172851562e-05, 2.3126602172851562e-05, 2.3365020751953125e-05, 2.288818359375e-05, 2.3126602172851562e-05, 2.288818359375e-05, 2.288818359375e-05, 2.3126602172851562e-05, 2.3365020751953125e-05, 2.3126602172851562e-05, 2.3126602172851562e-05, 2.3365020751953125e-05, 2.288818359375e-05, 2.288818359375e-05, 2.3365020751953125e-05, 2.2649765014648438e-05, 2.288818359375e-05, 2.3365020751953125e-05, 2.288818359375e-05, 2.3365020751953125e-05, 2.3365020751953125e-05, 2.2411346435546875e-05, 2.2649765014648438e-05, 2.3365020751953125e-05, 2.2411346435546875e-05, 2.2649765014648438e-05]
512, 512, 512, 0.0224ms, 11.9777Tflops
Performance of Matmul with M=512, N=K
512, 512, 512, 0.0687ms, 3.9094Tflops
Performance of Matmul with K=512, N=512
GPU kernel launch overhead:  0.023126602172851562 ms
[0.02112603187561035, 4.9591064453125e-05, 2.6464462280273438e-05, 2.4557113647460938e-05, 2.384185791015625e-05, 2.3603439331054688e-05, 2.3126602172851562e-05, 2.3126602172851562e-05, 2.3603439331054688e-05, 2.3365020751953125e-05, 2.3126602172851562e-05, 2.3603439331054688e-05, 2.3365020751953125e-05, 2.2649765014648438e-05, 2.384185791015625e-05, 2.288818359375e-05, 2.3126602172851562e-05, 2.3603439331054688e-05, 2.3126602172851562e-05, 2.288818359375e-05, 2.3603439331054688e-05, 2.288818359375e-05, 2.288818359375e-05, 2.3603439331054688e-05, 2.2649765014648438e-05, 2.288818359375e-05, 2.384185791015625e-05, 2.2649765014648438e-05, 2.288818359375e-05, 2.3126602172851562e-05, 2.288818359375e-05, 2.3126602172851562e-05, 2.3365020751953125e-05, 2.288818359375e-05, 2.288818359375e-05, 2.3603439331054688e-05, 2.3126602172851562e-05, 2.2411346435546875e-05, 2.3365020751953125e-05, 2.288818359375e-05, 2.3365020751953125e-05, 2.3603439331054688e-05, 2.288818359375e-05, 2.288818359375e-05, 2.3126602172851562e-05, 2.956390380859375e-05, 2.3126602172851562e-05, 2.3126602172851562e-05, 2.3126602172851562e-05, 2.2649765014648438e-05]
512, 512, 512, 0.0222ms, 12.1065Tflops
Performance of Matmul with M=512, N=K
512, 512, 512, 0.0682ms, 3.9367Tflops
Performance of Matmul with K=512, N=512
GPU kernel launch overhead:  0.023365020751953125 ms
[0.02118062973022461, 4.792213439941406e-05, 2.6941299438476562e-05, 2.4557113647460938e-05, 2.4318695068359375e-05, 2.4080276489257812e-05, 2.3365020751953125e-05, 2.47955322265625e-05, 2.4080276489257812e-05, 2.384185791015625e-05, 2.3603439331054688e-05, 2.384185791015625e-05, 2.3365020751953125e-05, 2.3603439331054688e-05, 2.384185791015625e-05, 2.3126602172851562e-05, 2.3126602172851562e-05, 2.384185791015625e-05, 2.3126602172851562e-05, 2.3365020751953125e-05, 2.3603439331054688e-05, 2.2649765014648438e-05, 2.3365020751953125e-05, 2.4318695068359375e-05, 2.3365020751953125e-05, 2.2649765014648438e-05, 2.4080276489257812e-05, 2.288818359375e-05, 2.3365020751953125e-05, 2.3365020751953125e-05, 2.3126602172851562e-05, 2.3365020751953125e-05, 2.3365020751953125e-05, 2.288818359375e-05, 2.3126602172851562e-05, 2.3603439331054688e-05, 2.3126602172851562e-05, 2.2649765014648438e-05, 2.384185791015625e-05, 2.3126602172851562e-05, 2.288818359375e-05, 2.384185791015625e-05, 2.2649765014648438e-05, 2.3603439331054688e-05, 2.3365020751953125e-05, 2.3126602172851562e-05, 2.288818359375e-05, 2.4080276489257812e-05, 2.288818359375e-05, 2.288818359375e-05]
512, 512, 512, 0.0221ms, 12.1719Tflops
Performance of Matmul with M=512, N=K
512, 512, 512, 0.0684ms, 3.9230Tflops
Performance of Matmul with K=512, N=512
GPU kernel launch overhead:  0.022649765014648438 ms
[0.021306991577148438, 4.887580871582031e-05, 2.5510787963867188e-05, 2.384185791015625e-05, 2.3603439331054688e-05, 2.288818359375e-05, 2.3126602172851562e-05, 2.3126602172851562e-05, 2.3126602172851562e-05, 2.2649765014648438e-05, 2.2411346435546875e-05, 3.0040740966796875e-05, 2.3365020751953125e-05, 2.2411346435546875e-05, 2.3126602172851562e-05, 2.2649765014648438e-05, 2.2649765014648438e-05, 2.2649765014648438e-05, 2.288818359375e-05, 2.2411346435546875e-05, 2.288818359375e-05, 2.2411346435546875e-05, 2.193450927734375e-05, 2.288818359375e-05, 2.2172927856445312e-05, 2.2172927856445312e-05, 2.288818359375e-05, 2.2411346435546875e-05, 2.2411346435546875e-05, 2.288818359375e-05, 2.2411346435546875e-05, 2.2411346435546875e-05, 2.2649765014648438e-05, 2.2172927856445312e-05, 2.2411346435546875e-05, 2.288818359375e-05, 2.193450927734375e-05, 2.2411346435546875e-05, 2.2649765014648438e-05, 2.2411346435546875e-05, 2.2172927856445312e-05, 2.3126602172851562e-05, 2.2411346435546875e-05, 2.2649765014648438e-05, 2.2649765014648438e-05, 2.193450927734375e-05, 2.2649765014648438e-05, 2.288818359375e-05, 2.2411346435546875e-05, 2.2411346435546875e-05]
512, 512, 512, 0.0222ms, 12.1065Tflops
Performance of Matmul with M=512, N=K
512, 512, 512, 0.0682ms, 3.9367Tflops
Performance of Matmul with K=512, N=512
GPU kernel launch overhead:  0.023126602172851562 ms
[0.02120232582092285, 4.9591064453125e-05, 2.6702880859375e-05, 2.4080276489257812e-05, 2.384185791015625e-05, 2.4318695068359375e-05, 2.3126602172851562e-05, 2.3126602172851562e-05, 2.3603439331054688e-05, 2.3126602172851562e-05, 2.8133392333984375e-05, 2.384185791015625e-05, 2.3365020751953125e-05, 2.3126602172851562e-05, 2.384185791015625e-05, 2.3365020751953125e-05, 2.288818359375e-05, 2.3603439331054688e-05, 2.3126602172851562e-05, 2.3126602172851562e-05, 2.384185791015625e-05, 2.2649765014648438e-05, 2.288818359375e-05, 2.3365020751953125e-05, 2.288818359375e-05, 2.3365020751953125e-05, 2.4080276489257812e-05, 2.288818359375e-05, 2.3126602172851562e-05, 2.3603439331054688e-05, 2.288818359375e-05, 2.3126602172851562e-05, 2.3126602172851562e-05, 2.2649765014648438e-05, 2.3126602172851562e-05, 2.3365020751953125e-05, 2.2649765014648438e-05, 2.288818359375e-05, 2.3126602172851562e-05, 2.2649765014648438e-05, 2.3126602172851562e-05, 2.3126602172851562e-05, 2.2649765014648438e-05, 2.3126602172851562e-05, 2.3365020751953125e-05, 2.2649765014648438e-05, 2.2649765014648438e-05, 2.3603439331054688e-05, 2.2411346435546875e-05, 2.3126602172851562e-05]
512, 512, 512, 0.0222ms, 12.1065Tflops
Performance of Matmul with M=512, N=K
512, 512, 512, 0.0694ms, 3.8691Tflops
Performance of Matmul with K=512, N=512
GPU kernel launch overhead:  0.023126602172851562 ms
[0.021427392959594727, 5.1021575927734375e-05, 2.6226043701171875e-05, 2.6226043701171875e-05, 2.3603439331054688e-05, 2.4080276489257812e-05, 2.288818359375e-05, 2.3126602172851562e-05, 2.3365020751953125e-05, 2.3126602172851562e-05, 2.3603439331054688e-05, 2.384185791015625e-05, 2.288818359375e-05, 2.3126602172851562e-05, 2.3365020751953125e-05, 2.288818359375e-05, 2.2649765014648438e-05, 2.3365020751953125e-05, 2.2411346435546875e-05, 2.3126602172851562e-05, 2.3603439331054688e-05, 2.3126602172851562e-05, 2.288818359375e-05, 2.4557113647460938e-05, 2.2649765014648438e-05, 2.3603439331054688e-05, 2.3603439331054688e-05, 2.3126602172851562e-05, 2.2649765014648438e-05, 2.3603439331054688e-05, 2.288818359375e-05, 2.2411346435546875e-05, 2.3365020751953125e-05, 2.288818359375e-05, 2.3126602172851562e-05, 2.3126602172851562e-05, 2.288818359375e-05, 2.3126602172851562e-05, 2.3365020751953125e-05, 2.288818359375e-05, 2.3126602172851562e-05, 2.3365020751953125e-05, 2.2649765014648438e-05, 2.288818359375e-05, 2.3365020751953125e-05, 2.2649765014648438e-05, 2.3126602172851562e-05, 2.3365020751953125e-05, 2.3126602172851562e-05, 2.288818359375e-05]
512, 512, 512, 0.0222ms, 12.1065Tflops
Performance of Matmul with M=512, N=K
512, 512, 512, 0.0684ms, 3.9230Tflops
Performance of Matmul with K=512, N=512
GPU kernel launch overhead:  0.02288818359375 ms
[0.021216869354248047, 4.887580871582031e-05, 2.6702880859375e-05, 2.4080276489257812e-05, 2.384185791015625e-05, 2.3603439331054688e-05, 2.3365020751953125e-05, 2.288818359375e-05, 2.3603439331054688e-05, 2.3365020751953125e-05, 2.3365020751953125e-05, 2.3365020751953125e-05, 2.288818359375e-05, 2.288818359375e-05, 2.3365020751953125e-05, 2.288818359375e-05, 2.3126602172851562e-05, 2.47955322265625e-05, 2.2649765014648438e-05, 2.288818359375e-05, 2.3365020751953125e-05, 2.2649765014648438e-05, 2.2411346435546875e-05, 2.3365020751953125e-05, 2.2411346435546875e-05, 2.2649765014648438e-05, 2.3365020751953125e-05, 2.2649765014648438e-05, 2.2649765014648438e-05, 2.3126602172851562e-05, 2.2411346435546875e-05, 2.288818359375e-05, 2.288818359375e-05, 2.2649765014648438e-05, 2.2649765014648438e-05, 2.3126602172851562e-05, 2.2411346435546875e-05, 2.288818359375e-05, 2.2649765014648438e-05, 2.288818359375e-05, 2.2411346435546875e-05, 2.3126602172851562e-05, 2.2411346435546875e-05, 2.288818359375e-05, 2.288818359375e-05, 2.2649765014648438e-05, 2.2649765014648438e-05, 2.288818359375e-05, 2.288818359375e-05, 2.2649765014648438e-05]
512, 512, 512, 0.0222ms, 12.1065Tflops
Performance of Matmul with M=512, N=K
512, 512, 512, 0.0684ms, 3.9230Tflops
Performance of Matmul with K=512, N=512
GPU kernel launch overhead:  0.02276897430419922 ms
[0.02121758460998535, 4.9591064453125e-05, 2.6464462280273438e-05, 2.4080276489257812e-05, 2.288818359375e-05, 2.384185791015625e-05, 2.3126602172851562e-05, 2.288818359375e-05, 2.3126602172851562e-05, 2.2649765014648438e-05, 2.2172927856445312e-05, 2.3365020751953125e-05, 2.288818359375e-05, 2.2649765014648438e-05, 2.3126602172851562e-05, 2.2411346435546875e-05, 2.2649765014648438e-05, 2.3126602172851562e-05, 2.288818359375e-05, 2.288818359375e-05, 2.3365020751953125e-05, 2.2172927856445312e-05, 2.2649765014648438e-05, 2.3365020751953125e-05, 2.288818359375e-05, 2.193450927734375e-05, 2.3603439331054688e-05, 2.2649765014648438e-05, 2.2411346435546875e-05, 2.288818359375e-05, 2.288818359375e-05, 2.2172927856445312e-05, 2.3126602172851562e-05, 2.2649765014648438e-05, 2.2172927856445312e-05, 2.288818359375e-05, 2.2411346435546875e-05, 2.2172927856445312e-05, 2.288818359375e-05, 2.2411346435546875e-05, 2.2172927856445312e-05, 2.288818359375e-05, 2.2411346435546875e-05, 2.2649765014648438e-05, 2.2411346435546875e-05, 2.2172927856445312e-05, 2.2172927856445312e-05, 2.2649765014648438e-05, 2.2411346435546875e-05, 2.2172927856445312e-05]
512, 512, 512, 0.0219ms, 12.2380Tflops
Performance of Matmul with M=512, N=K
512, 512, 512, 0.0670ms, 4.0068Tflops
Performance of Matmul with K=512, N=512
GPU kernel launch overhead:  0.022649765014648438 ms
[0.021240949630737305, 5.316734313964844e-05, 2.7179718017578125e-05, 2.3603439331054688e-05, 2.3365020751953125e-05, 2.3365020751953125e-05, 2.288818359375e-05, 2.288818359375e-05, 2.3126602172851562e-05, 2.288818359375e-05, 2.288818359375e-05, 2.3365020751953125e-05, 2.288818359375e-05, 2.2411346435546875e-05, 2.3126602172851562e-05, 2.2649765014648438e-05, 2.2649765014648438e-05, 2.3365020751953125e-05, 2.2649765014648438e-05, 2.2649765014648438e-05, 2.3126602172851562e-05, 2.2649765014648438e-05, 2.2649765014648438e-05, 2.3126602172851562e-05, 2.2411346435546875e-05, 2.288818359375e-05, 2.3365020751953125e-05, 2.2649765014648438e-05, 2.2411346435546875e-05, 2.288818359375e-05, 2.2411346435546875e-05, 2.2411346435546875e-05, 2.3126602172851562e-05, 2.2172927856445312e-05, 2.2411346435546875e-05, 2.288818359375e-05, 2.2172927856445312e-05, 2.2649765014648438e-05, 2.288818359375e-05, 2.2411346435546875e-05, 2.2411346435546875e-05, 2.288818359375e-05, 2.2649765014648438e-05, 2.2411346435546875e-05, 2.2411346435546875e-05, 2.2411346435546875e-05, 2.2411346435546875e-05, 2.2649765014648438e-05, 2.2411346435546875e-05, 2.2172927856445312e-05]
512, 512, 512, 0.0222ms, 12.1065Tflops
Performance of Matmul with M=512, N=K
512, 512, 512, 0.0693ms, 3.8757Tflops
Performance of Matmul with K=512, N=512
GPU kernel launch overhead:  0.023126602172851562 ms
[0.02122044563293457, 5.030632019042969e-05, 2.6464462280273438e-05, 2.4080276489257812e-05, 2.4080276489257812e-05, 2.3603439331054688e-05, 2.288818359375e-05, 2.3126602172851562e-05, 2.3365020751953125e-05, 2.288818359375e-05, 2.3126602172851562e-05, 2.3365020751953125e-05, 2.288818359375e-05, 2.288818359375e-05, 2.384185791015625e-05, 2.288818359375e-05, 2.3126602172851562e-05, 2.3126602172851562e-05, 2.288818359375e-05, 2.288818359375e-05, 2.3126602172851562e-05, 2.2411346435546875e-05, 2.288818359375e-05, 2.3603439331054688e-05, 2.3126602172851562e-05, 2.2649765014648438e-05, 2.3603439331054688e-05, 2.3126602172851562e-05, 2.288818359375e-05, 2.3365020751953125e-05, 2.288818359375e-05, 2.2649765014648438e-05, 3.0040740966796875e-05, 2.384185791015625e-05, 2.3365020751953125e-05, 2.3365020751953125e-05, 2.3126602172851562e-05, 2.288818359375e-05, 2.288818359375e-05, 2.3126602172851562e-05, 2.288818359375e-05, 2.3365020751953125e-05, 2.2649765014648438e-05, 2.288818359375e-05, 2.3126602172851562e-05, 2.288818359375e-05, 2.288818359375e-05, 2.3365020751953125e-05, 2.2649765014648438e-05, 2.2649765014648438e-05]
512, 512, 512, 0.0222ms, 12.1065Tflops
Performance of Matmul with M=512, N=K
512, 512, 512, 0.0684ms, 3.9230Tflops
Performance of Matmul with K=512, N=512
GPU kernel launch overhead:  0.02288818359375 ms
[0.02118659019470215, 5.125999450683594e-05, 2.6702880859375e-05, 2.4080276489257812e-05, 2.288818359375e-05, 2.384185791015625e-05, 2.3126602172851562e-05, 2.3126602172851562e-05, 2.3365020751953125e-05, 2.3126602172851562e-05, 2.288818359375e-05, 2.3365020751953125e-05, 2.288818359375e-05, 2.3126602172851562e-05, 2.3126602172851562e-05, 2.288818359375e-05, 2.288818359375e-05, 2.3365020751953125e-05, 2.288818359375e-05, 2.3126602172851562e-05, 2.3603439331054688e-05, 2.2649765014648438e-05, 2.2649765014648438e-05, 2.3365020751953125e-05, 2.2649765014648438e-05, 2.2172927856445312e-05, 2.3365020751953125e-05, 2.288818359375e-05, 2.2649765014648438e-05, 2.3126602172851562e-05, 2.2411346435546875e-05, 2.288818359375e-05, 2.3126602172851562e-05, 2.288818359375e-05, 2.2649765014648438e-05, 2.3126602172851562e-05, 2.2649765014648438e-05, 2.2411346435546875e-05, 2.3126602172851562e-05, 2.2649765014648438e-05, 2.2411346435546875e-05, 2.3365020751953125e-05, 2.2649765014648438e-05, 2.288818359375e-05, 2.288818359375e-05, 2.288818359375e-05, 2.2649765014648438e-05, 2.3126602172851562e-05, 2.288818359375e-05, 2.2411346435546875e-05]
512, 512, 512, 0.0224ms, 11.9777Tflops
Performance of Matmul with M=512, N=K
512, 512, 512, 0.0694ms, 3.8691Tflops
Performance of Matmul with K=512, N=512
GPU kernel launch overhead:  0.023126602172851562 ms
[0.021285533905029297, 5.1021575927734375e-05, 2.6226043701171875e-05, 2.4557113647460938e-05, 2.4080276489257812e-05, 2.4080276489257812e-05, 2.3126602172851562e-05, 2.3365020751953125e-05, 2.3365020751953125e-05, 2.3126602172851562e-05, 2.3365020751953125e-05, 2.3603439331054688e-05, 2.3126602172851562e-05, 2.3126602172851562e-05, 2.3603439331054688e-05, 2.2649765014648438e-05, 2.2649765014648438e-05, 2.3603439331054688e-05, 2.288818359375e-05, 2.3365020751953125e-05, 2.3365020751953125e-05, 2.2411346435546875e-05, 2.288818359375e-05, 2.3365020751953125e-05, 2.2649765014648438e-05, 2.288818359375e-05, 2.384185791015625e-05, 2.288818359375e-05, 2.3126602172851562e-05, 2.3126602172851562e-05, 2.2411346435546875e-05, 2.288818359375e-05, 2.3126602172851562e-05, 2.2649765014648438e-05, 2.2649765014648438e-05, 2.3126602172851562e-05, 2.288818359375e-05, 2.2649765014648438e-05, 2.3365020751953125e-05, 2.2649765014648438e-05, 2.288818359375e-05, 2.3126602172851562e-05, 2.2649765014648438e-05, 2.288818359375e-05, 2.3365020751953125e-05, 2.4080276489257812e-05, 2.288818359375e-05, 2.3603439331054688e-05, 2.2649765014648438e-05, 2.2649765014648438e-05]
512, 512, 512, 0.0226ms, 11.8516Tflops
Performance of Matmul with M=512, N=K
512, 512, 512, 0.0687ms, 3.9094Tflops
Performance of Matmul with K=512, N=512
GPU kernel launch overhead:  0.023126602172851562 ms
[0.02116703987121582, 5.245208740234375e-05, 2.574920654296875e-05, 2.3365020751953125e-05, 2.384185791015625e-05, 2.4080276489257812e-05, 2.3126602172851562e-05, 2.3126602172851562e-05, 2.384185791015625e-05, 2.3365020751953125e-05, 2.3365020751953125e-05, 2.3603439331054688e-05, 2.3365020751953125e-05, 2.3126602172851562e-05, 2.3603439331054688e-05, 2.2649765014648438e-05, 2.288818359375e-05, 2.3365020751953125e-05, 2.2649765014648438e-05, 2.3126602172851562e-05, 2.4080276489257812e-05, 2.288818359375e-05, 2.288818359375e-05, 2.3365020751953125e-05, 2.3126602172851562e-05, 2.2649765014648438e-05, 2.765655517578125e-05, 2.2649765014648438e-05, 2.2649765014648438e-05, 2.3126602172851562e-05, 2.2649765014648438e-05, 2.2649765014648438e-05, 2.3126602172851562e-05, 2.4080276489257812e-05, 2.2649765014648438e-05, 2.3603439331054688e-05, 2.2649765014648438e-05, 2.2649765014648438e-05, 2.288818359375e-05, 2.288818359375e-05, 2.2649765014648438e-05, 2.3365020751953125e-05, 2.2649765014648438e-05, 2.288818359375e-05, 2.3126602172851562e-05, 2.2411346435546875e-05, 2.288818359375e-05, 2.3365020751953125e-05, 2.288818359375e-05, 2.288818359375e-05]
512, 512, 512, 0.0222ms, 12.1065Tflops
Performance of Matmul with M=512, N=K
512, 512, 512, 0.0683ms, 3.9298Tflops
Performance of Matmul with K=512, N=512
GPU kernel launch overhead:  0.023126602172851562 ms
[0.021256208419799805, 5.173683166503906e-05, 2.6941299438476562e-05, 2.4557113647460938e-05, 2.4318695068359375e-05, 2.384185791015625e-05, 2.3365020751953125e-05, 2.3603439331054688e-05, 2.384185791015625e-05, 2.3126602172851562e-05, 2.3126602172851562e-05, 2.3603439331054688e-05, 2.3603439331054688e-05, 2.3126602172851562e-05, 2.3603439331054688e-05, 2.288818359375e-05, 2.2649765014648438e-05, 2.3126602172851562e-05, 2.3126602172851562e-05, 2.2649765014648438e-05, 2.3126602172851562e-05, 2.2411346435546875e-05, 2.2411346435546875e-05, 2.3603439331054688e-05, 2.288818359375e-05, 2.2411346435546875e-05, 2.3603439331054688e-05, 2.2411346435546875e-05, 2.2649765014648438e-05, 2.3603439331054688e-05, 2.2411346435546875e-05, 2.3126602172851562e-05, 2.3126602172851562e-05, 2.2649765014648438e-05, 2.3365020751953125e-05, 2.3365020751953125e-05, 2.288818359375e-05, 2.2172927856445312e-05, 2.288818359375e-05, 2.2649765014648438e-05, 2.288818359375e-05, 2.288818359375e-05, 2.2411346435546875e-05, 2.2649765014648438e-05, 2.3365020751953125e-05, 2.2172927856445312e-05, 2.288818359375e-05, 2.3126602172851562e-05, 2.193450927734375e-05, 2.2172927856445312e-05]
512, 512, 512, 0.0222ms, 12.1065Tflops
Performance of Matmul with M=512, N=K
512, 512, 512, 0.0684ms, 3.9230Tflops
Performance of Matmul with K=512, N=512
GPU kernel launch overhead:  0.022649765014648438 ms
[0.021204471588134766, 5.054473876953125e-05, 2.574920654296875e-05, 2.4318695068359375e-05, 2.3603439331054688e-05, 2.4080276489257812e-05, 2.4080276489257812e-05, 2.3126602172851562e-05, 2.3365020751953125e-05, 2.3126602172851562e-05, 2.2649765014648438e-05, 2.3126602172851562e-05, 2.288818359375e-05, 2.2649765014648438e-05, 2.3365020751953125e-05, 2.2411346435546875e-05, 2.2411346435546875e-05, 2.288818359375e-05, 2.2649765014648438e-05, 2.2172927856445312e-05, 2.288818359375e-05, 2.2172927856445312e-05, 2.2411346435546875e-05, 2.3126602172851562e-05, 2.2411346435546875e-05, 2.2411346435546875e-05, 2.288818359375e-05, 2.2411346435546875e-05, 2.2649765014648438e-05, 2.2649765014648438e-05, 2.193450927734375e-05, 2.2411346435546875e-05, 2.288818359375e-05, 2.2172927856445312e-05, 2.2172927856445312e-05, 2.2649765014648438e-05, 2.2649765014648438e-05, 2.2172927856445312e-05, 2.2649765014648438e-05, 2.2649765014648438e-05, 2.2411346435546875e-05, 2.288818359375e-05, 2.193450927734375e-05, 2.2172927856445312e-05, 2.2649765014648438e-05, 2.2172927856445312e-05, 2.2411346435546875e-05, 2.288818359375e-05, 2.2649765014648438e-05, 2.2172927856445312e-05]
512, 512, 512, 0.0222ms, 12.1065Tflops
Performance of Matmul with M=512, N=K
512, 512, 512, 0.0683ms, 3.9298Tflops
Performance of Matmul with K=512, N=512
GPU kernel launch overhead:  0.023126602172851562 ms
[0.021199941635131836, 4.982948303222656e-05, 2.7179718017578125e-05, 2.4318695068359375e-05, 2.384185791015625e-05, 2.4080276489257812e-05, 2.384185791015625e-05, 2.3365020751953125e-05, 2.3603439331054688e-05, 2.3603439331054688e-05, 2.3365020751953125e-05, 2.3603439331054688e-05, 2.3126602172851562e-05, 2.3126602172851562e-05, 2.3365020751953125e-05, 2.288818359375e-05, 2.3126602172851562e-05, 2.3365020751953125e-05, 2.288818359375e-05, 2.3365020751953125e-05, 2.3126602172851562e-05, 2.3126602172851562e-05, 2.2649765014648438e-05, 2.3603439331054688e-05, 2.2649765014648438e-05, 2.3365020751953125e-05, 2.3365020751953125e-05, 2.288818359375e-05, 2.3126602172851562e-05, 2.3126602172851562e-05, 2.288818359375e-05, 2.288818359375e-05, 2.3365020751953125e-05, 2.288818359375e-05, 2.3126602172851562e-05, 2.3365020751953125e-05, 2.3126602172851562e-05, 2.3126602172851562e-05, 2.3365020751953125e-05, 2.3126602172851562e-05, 2.288818359375e-05, 2.384185791015625e-05, 2.288818359375e-05, 2.3126602172851562e-05, 2.3126602172851562e-05, 2.288818359375e-05, 2.288818359375e-05, 2.288818359375e-05, 2.384185791015625e-05, 2.3126602172851562e-05]
512, 512, 512, 0.0236ms, 11.3727Tflops
Performance of Matmul with M=512, N=K
512, 512, 512, 0.0694ms, 3.8691Tflops
Performance of Matmul with K=512, N=512
GPU kernel launch overhead:  0.02288818359375 ms
[0.021274566650390625, 5.125999450683594e-05, 3.0040740966796875e-05, 2.5033950805664062e-05, 2.4080276489257812e-05, 2.384185791015625e-05, 2.3365020751953125e-05, 2.3603439331054688e-05, 2.4080276489257812e-05, 2.3603439331054688e-05, 2.3603439331054688e-05, 2.3365020751953125e-05, 2.3126602172851562e-05, 2.3126602172851562e-05, 2.3365020751953125e-05, 2.288818359375e-05, 2.288818359375e-05, 2.288818359375e-05, 2.288818359375e-05, 2.5033950805664062e-05, 2.3603439331054688e-05, 2.2649765014648438e-05, 2.3126602172851562e-05, 2.47955322265625e-05, 2.288818359375e-05, 2.2649765014648438e-05, 2.3126602172851562e-05, 2.288818359375e-05, 2.288818359375e-05, 2.3126602172851562e-05, 2.2411346435546875e-05, 2.288818359375e-05, 2.3126602172851562e-05, 2.288818359375e-05, 2.288818359375e-05, 2.4080276489257812e-05, 2.288818359375e-05, 2.288818359375e-05, 2.288818359375e-05, 2.2649765014648438e-05, 2.2411346435546875e-05, 2.288818359375e-05, 2.288818359375e-05, 2.2649765014648438e-05, 2.2649765014648438e-05, 2.2649765014648438e-05, 2.2411346435546875e-05, 2.3126602172851562e-05, 2.2411346435546875e-05, 2.288818359375e-05]
512, 512, 512, 0.0224ms, 11.9777Tflops
Performance of Matmul with M=512, N=K
512, 512, 512, 0.0691ms, 3.8824Tflops
Performance of Matmul with K=512, N=512
GPU kernel launch overhead:  0.02288818359375 ms
[0.021474599838256836, 4.9114227294921875e-05, 2.574920654296875e-05, 2.4080276489257812e-05, 2.3603439331054688e-05, 2.3603439331054688e-05, 2.3126602172851562e-05, 2.2649765014648438e-05, 2.3365020751953125e-05, 2.288818359375e-05, 2.2411346435546875e-05, 2.3365020751953125e-05, 2.3126602172851562e-05, 2.2411346435546875e-05, 2.3126602172851562e-05, 2.288818359375e-05, 2.3126602172851562e-05, 2.3126602172851562e-05, 2.2649765014648438e-05, 2.2411346435546875e-05, 2.3365020751953125e-05, 2.2649765014648438e-05, 2.2411346435546875e-05, 2.3126602172851562e-05, 2.2649765014648438e-05, 2.2649765014648438e-05, 2.3365020751953125e-05, 2.3126602172851562e-05, 2.2649765014648438e-05, 2.288818359375e-05, 2.288818359375e-05, 2.2411346435546875e-05, 2.2649765014648438e-05, 2.2411346435546875e-05, 2.288818359375e-05, 2.288818359375e-05, 2.2649765014648438e-05, 2.2411346435546875e-05, 2.3126602172851562e-05, 2.2649765014648438e-05, 2.2649765014648438e-05, 2.2649765014648438e-05, 2.2649765014648438e-05, 2.2649765014648438e-05, 3.0279159545898438e-05, 2.288818359375e-05, 2.288818359375e-05, 2.3126602172851562e-05, 2.2172927856445312e-05, 2.2649765014648438e-05]
512, 512, 512, 0.0224ms, 11.9777Tflops
Performance of Matmul with M=512, N=K
512, 512, 512, 0.0687ms, 3.9094Tflops
Performance of Matmul with K=512, N=512
GPU kernel launch overhead:  0.023126602172851562 ms
[0.02148294448852539, 4.887580871582031e-05, 2.6702880859375e-05, 2.4080276489257812e-05, 2.3365020751953125e-05, 2.384185791015625e-05, 2.3126602172851562e-05, 2.288818359375e-05, 2.3603439331054688e-05, 2.3365020751953125e-05, 2.2411346435546875e-05, 2.3126602172851562e-05, 2.3126602172851562e-05, 2.2649765014648438e-05, 2.4080276489257812e-05, 2.3126602172851562e-05, 2.3126602172851562e-05, 2.4080276489257812e-05, 2.288818359375e-05, 2.2649765014648438e-05, 2.3603439331054688e-05, 2.288818359375e-05, 2.288818359375e-05, 2.3365020751953125e-05, 2.2649765014648438e-05, 2.288818359375e-05, 2.3603439331054688e-05, 2.2649765014648438e-05, 2.3126602172851562e-05, 2.288818359375e-05, 2.3126602172851562e-05, 2.3126602172851562e-05, 2.3365020751953125e-05, 2.288818359375e-05, 2.288818359375e-05, 2.3365020751953125e-05, 2.2649765014648438e-05, 2.2649765014648438e-05, 2.3365020751953125e-05, 2.2411346435546875e-05, 2.3126602172851562e-05, 2.3603439331054688e-05, 2.288818359375e-05, 2.3126602172851562e-05, 2.3365020751953125e-05, 2.3126602172851562e-05, 2.288818359375e-05, 2.3365020751953125e-05, 2.2649765014648438e-05, 2.3126602172851562e-05]
512, 512, 512, 0.0224ms, 11.9777Tflops
Performance of Matmul with M=512, N=K
512, 512, 512, 0.0696ms, 3.8558Tflops
Performance of Matmul with K=512, N=512
GPU kernel launch overhead:  0.023365020751953125 ms
[0.02120208740234375, 4.863739013671875e-05, 2.7179718017578125e-05, 2.47955322265625e-05, 2.4080276489257812e-05, 2.4080276489257812e-05, 2.384185791015625e-05, 2.384185791015625e-05, 2.4080276489257812e-05, 2.3603439331054688e-05, 2.3603439331054688e-05, 2.4318695068359375e-05, 2.384185791015625e-05, 2.3365020751953125e-05, 2.384185791015625e-05, 2.288818359375e-05, 2.3126602172851562e-05, 2.3603439331054688e-05, 2.3126602172851562e-05, 3.123283386230469e-05, 2.4080276489257812e-05, 2.3126602172851562e-05, 2.3126602172851562e-05, 2.3603439331054688e-05, 2.288818359375e-05, 2.288818359375e-05, 2.3365020751953125e-05, 2.3126602172851562e-05, 2.3365020751953125e-05, 2.3365020751953125e-05, 2.3126602172851562e-05, 2.288818359375e-05, 2.3126602172851562e-05, 2.2411346435546875e-05, 2.3126602172851562e-05, 2.3365020751953125e-05, 2.3126602172851562e-05, 2.2649765014648438e-05, 2.3603439331054688e-05, 2.3126602172851562e-05, 2.3126602172851562e-05, 2.3365020751953125e-05, 2.288818359375e-05, 2.288818359375e-05, 2.3365020751953125e-05, 2.2649765014648438e-05, 2.288818359375e-05, 2.3126602172851562e-05, 2.3126602172851562e-05, 2.288818359375e-05]
512, 512, 512, 0.0222ms, 12.1065Tflops
Performance of Matmul with M=512, N=K
512, 512, 512, 0.0682ms, 3.9367Tflops
Performance of Matmul with K=512, N=512
GPU kernel launch overhead:  0.022649765014648438 ms
[0.021370887756347656, 4.863739013671875e-05, 2.6464462280273438e-05, 2.3603439331054688e-05, 2.3365020751953125e-05, 2.384185791015625e-05, 2.3126602172851562e-05, 2.288818359375e-05, 2.3365020751953125e-05, 2.2411346435546875e-05, 2.288818359375e-05, 2.3126602172851562e-05, 2.288818359375e-05, 2.2172927856445312e-05, 2.3126602172851562e-05, 2.2411346435546875e-05, 2.2172927856445312e-05, 2.2411346435546875e-05, 2.2411346435546875e-05, 2.2411346435546875e-05, 2.288818359375e-05, 2.2172927856445312e-05, 2.2649765014648438e-05, 2.3126602172851562e-05, 2.193450927734375e-05, 2.2411346435546875e-05, 2.3126602172851562e-05, 2.2172927856445312e-05, 2.2411346435546875e-05, 2.288818359375e-05, 2.2172927856445312e-05, 2.2172927856445312e-05, 2.3126602172851562e-05, 2.193450927734375e-05, 2.2172927856445312e-05, 2.3126602172851562e-05, 2.2411346435546875e-05, 2.2172927856445312e-05, 2.288818359375e-05, 2.2411346435546875e-05, 2.2649765014648438e-05, 2.2649765014648438e-05, 2.2649765014648438e-05, 2.2411346435546875e-05, 2.288818359375e-05, 2.193450927734375e-05, 2.2172927856445312e-05, 2.288818359375e-05, 2.2411346435546875e-05, 2.193450927734375e-05]
512, 512, 512, 0.0222ms, 12.1065Tflops
Performance of Matmul with M=512, N=K
512, 512, 512, 0.0670ms, 4.0068Tflops
Performance of Matmul with K=512, N=512
GPU kernel launch overhead:  0.023126602172851562 ms
[0.02114415168762207, 4.863739013671875e-05, 2.6226043701171875e-05, 2.4318695068359375e-05, 2.3603439331054688e-05, 2.4318695068359375e-05, 2.3365020751953125e-05, 2.3126602172851562e-05, 2.3365020751953125e-05, 2.5033950805664062e-05, 2.3126602172851562e-05, 2.3603439331054688e-05, 2.288818359375e-05, 2.288818359375e-05, 2.3603439331054688e-05, 2.288818359375e-05, 2.2649765014648438e-05, 2.3126602172851562e-05, 2.288818359375e-05, 2.2649765014648438e-05, 2.3365020751953125e-05, 2.2649765014648438e-05, 2.2649765014648438e-05, 2.3365020751953125e-05, 2.2649765014648438e-05, 2.2649765014648438e-05, 2.3365020751953125e-05, 2.2649765014648438e-05, 2.3126602172851562e-05, 2.3603439331054688e-05, 2.2411346435546875e-05, 2.3126602172851562e-05, 2.288818359375e-05, 2.288818359375e-05, 2.9802322387695312e-05, 2.3365020751953125e-05, 2.3126602172851562e-05, 2.3126602172851562e-05, 2.3126602172851562e-05, 2.288818359375e-05, 2.3126602172851562e-05, 2.288818359375e-05, 2.288818359375e-05, 2.2649765014648438e-05, 2.3126602172851562e-05, 2.2649765014648438e-05, 2.2649765014648438e-05, 2.3126602172851562e-05, 2.288818359375e-05, 2.288818359375e-05]
512, 512, 512, 0.0229ms, 11.7281Tflops
Performance of Matmul with M=512, N=K
512, 512, 512, 0.0699ms, 3.8427Tflops
Performance of Matmul with K=512, N=512
GPU kernel launch overhead:  0.023126602172851562 ms
[0.0210568904876709, 5.0067901611328125e-05, 2.6702880859375e-05, 2.384185791015625e-05, 2.4080276489257812e-05, 2.4080276489257812e-05, 2.3603439331054688e-05, 2.3126602172851562e-05, 2.384185791015625e-05, 2.3126602172851562e-05, 2.288818359375e-05, 2.3365020751953125e-05, 2.3365020751953125e-05, 2.3126602172851562e-05, 2.384185791015625e-05, 2.4318695068359375e-05, 2.3126602172851562e-05, 2.3365020751953125e-05, 2.288818359375e-05, 2.3126602172851562e-05, 2.3603439331054688e-05, 2.288818359375e-05, 2.288818359375e-05, 2.3365020751953125e-05, 2.3126602172851562e-05, 2.2649765014648438e-05, 2.384185791015625e-05, 2.3126602172851562e-05, 2.288818359375e-05, 2.3603439331054688e-05, 2.2649765014648438e-05, 2.288818359375e-05, 2.3365020751953125e-05, 2.288818359375e-05, 2.3126602172851562e-05, 2.3365020751953125e-05, 2.3603439331054688e-05, 2.288818359375e-05, 2.3365020751953125e-05, 2.3126602172851562e-05, 2.3126602172851562e-05, 2.3603439331054688e-05, 2.2649765014648438e-05, 2.288818359375e-05, 2.3365020751953125e-05, 2.2649765014648438e-05, 2.2649765014648438e-05, 2.3603439331054688e-05, 2.2649765014648438e-05, 2.2649765014648438e-05]
512, 512, 512, 0.0229ms, 11.7281Tflops
Performance of Matmul with M=512, N=K
512, 512, 512, 0.0713ms, 3.7656Tflops
